

================================================================
== Vivado HLS Report for 'lec8Ex1'
================================================================
* Date:           Tue May  9 13:36:53 2023

* Version:        2020.1 (Build 2897737 on Wed May 27 20:21:37 MDT 2020)
* Project:        hw4_alloc
* Solution:       solution1
* Product family: kintex7
* Target device:  xc7k160t-fbg484-2


================================================================
== Performance Estimates
================================================================
+ Timing: 
    * Summary: 
    +--------+----------+----------+------------+
    |  Clock |  Target  | Estimated| Uncertainty|
    +--------+----------+----------+------------+
    |ap_clk  | 10.00 ns | 7.756 ns |   1.25 ns  |
    +--------+----------+----------+------------+

+ Latency: 
    * Summary: 
    +---------+---------+----------+----------+-----+-----+---------+
    |  Latency (cycles) |  Latency (absolute) |  Interval | Pipeline|
    |   min   |   max   |    min   |    max   | min | max |   Type  |
    +---------+---------+----------+----------+-----+-----+---------+
    |      181|      181| 1.810 us | 1.810 us |  181|  181|   none  |
    +---------+---------+----------+----------+-----+-----+---------+

    + Detail: 
        * Instance: 
        N/A

        * Loop: 
        +------------+---------+---------+----------+-----------+-----------+------+----------+
        |            |  Latency (cycles) | Iteration|  Initiation Interval  | Trip |          |
        |  Loop Name |   min   |   max   |  Latency |  achieved |   target  | Count| Pipelined|
        +------------+---------+---------+----------+-----------+-----------+------+----------+
        |- for_Loop  |      180|      180|         3|          -|          -|    60|    no    |
        +------------+---------+---------+----------+-----------+-----------+------+----------+



================================================================
== Utilization Estimates
================================================================
* Summary: 
+-----------------+---------+-------+--------+--------+-----+
|       Name      | BRAM_18K| DSP48E|   FF   |   LUT  | URAM|
+-----------------+---------+-------+--------+--------+-----+
|DSP              |        -|      -|       -|       -|    -|
|Expression       |        -|      5|       0|     171|    -|
|FIFO             |        -|      -|       -|       -|    -|
|Instance         |        -|      -|       -|       -|    -|
|Memory           |        -|      -|       -|       -|    -|
|Multiplexer      |        -|      -|       -|      30|    -|
|Register         |        -|      -|     118|       -|    -|
+-----------------+---------+-------+--------+--------+-----+
|Total            |        0|      5|     118|     201|    0|
+-----------------+---------+-------+--------+--------+-----+
|Available        |      650|    600|  202800|  101400|    0|
+-----------------+---------+-------+--------+--------+-----+
|Utilization (%)  |        0|   ~0  |   ~0   |   ~0   |    0|
+-----------------+---------+-------+--------+--------+-----+

+ Detail: 
    * Instance: 
    N/A

    * DSP48E: 
    N/A

    * Memory: 
    N/A

    * FIFO: 
    N/A

    * Expression: 
    +----------------------+----------+-------+---+----+------------+------------+
    |     Variable Name    | Operation| DSP48E| FF| LUT| Bitwidth P0| Bitwidth P1|
    +----------------------+----------+-------+---+----+------------+------------+
    |mul_ln22_fu_134_p2    |     *    |      2|  0|  21|          32|          16|
    |res_fu_105_p2         |     *    |      3|  0|  21|          32|          32|
    |add_ln22_1_fu_139_p2  |     +    |      0|  0|  32|          32|          32|
    |add_ln22_fu_111_p2    |     +    |      0|  0|  39|          32|          32|
    |i_fu_123_p2           |     +    |      0|  0|  15|           6|           1|
    |out_r_d0              |     +    |      0|  0|  32|          32|           6|
    |icmp_ln14_fu_117_p2   |   icmp   |      0|  0|  11|           6|           4|
    +----------------------+----------+-------+---+----+------------+------------+
    |Total                 |          |      5|  0| 171|         172|         123|
    +----------------------+----------+-------+---+----+------------+------------+

    * Multiplexer: 
    +------------+----+-----------+-----+-----------+
    |    Name    | LUT| Input Size| Bits| Total Bits|
    +------------+----+-----------+-----+-----------+
    |ap_NS_fsm   |  21|          5|    1|          5|
    |i_0_reg_86  |   9|          2|    6|         12|
    +------------+----+-----------+-----+-----------+
    |Total       |  30|          7|    7|         17|
    +------------+----+-----------+-----+-----------+

    * Register: 
    +-------------------+----+----+-----+-----------+
    |        Name       | FF | LUT| Bits| Const Bits|
    +-------------------+----+----+-----+-----------+
    |add_ln22_reg_155   |  32|   0|   32|          0|
    |ap_CS_fsm          |   4|   0|    4|          0|
    |i_0_reg_86         |   6|   0|    6|          0|
    |i_reg_163          |   6|   0|    6|          0|
    |mul_ln22_reg_178   |  32|   0|   32|          0|
    |sext_ln22_reg_150  |  32|   0|   32|          0|
    |zext_ln17_reg_168  |   6|   0|   64|         58|
    +-------------------+----+----+-----+-----------+
    |Total              | 118|   0|  176|         58|
    +-------------------+----+----+-----+-----------+



================================================================
== Interface
================================================================
* Summary: 
+----------------+-----+-----+------------+--------------+--------------+
|    RTL Ports   | Dir | Bits|  Protocol  | Source Object|    C Type    |
+----------------+-----+-----+------------+--------------+--------------+
|ap_clk          |  in |    1| ap_ctrl_hs |    lec8Ex1   | return value |
|ap_rst          |  in |    1| ap_ctrl_hs |    lec8Ex1   | return value |
|ap_start        |  in |    1| ap_ctrl_hs |    lec8Ex1   | return value |
|ap_done         | out |    1| ap_ctrl_hs |    lec8Ex1   | return value |
|ap_idle         | out |    1| ap_ctrl_hs |    lec8Ex1   | return value |
|ap_ready        | out |    1| ap_ctrl_hs |    lec8Ex1   | return value |
|in_r_address0   | out |    6|  ap_memory |     in_r     |     array    |
|in_r_ce0        | out |    1|  ap_memory |     in_r     |     array    |
|in_r_q0         |  in |   32|  ap_memory |     in_r     |     array    |
|a               |  in |   16|   ap_none  |       a      |    scalar    |
|b               |  in |   16|   ap_none  |       b      |    scalar    |
|c               |  in |   32|   ap_none  |       c      |    scalar    |
|out_r_address0  | out |    6|  ap_memory |     out_r    |     array    |
|out_r_ce0       | out |    1|  ap_memory |     out_r    |     array    |
|out_r_we0       | out |    1|  ap_memory |     out_r    |     array    |
|out_r_d0        | out |   32|  ap_memory |     out_r    |     array    |
+----------------+-----+-----+------------+--------------+--------------+

