

================================================================
== Vivado HLS Report for 'Loop_for_Loop_proc'
================================================================
* Date:           Tue May  9 14:00:31 2023

* Version:        2020.1 (Build 2897737 on Wed May 27 20:21:37 MDT 2020)
* Project:        hw4_data
* Solution:       solution1
* Product family: kintex7
* Target device:  xc7k160t-fbg484-2


================================================================
== Performance Estimates
================================================================
+ Timing: 
    * Summary: 
    +--------+----------+----------+------------+
    |  Clock |  Target  | Estimated| Uncertainty|
    +--------+----------+----------+------------+
    |ap_clk  | 10.00 ns | 7.756 ns |   1.25 ns  |
    +--------+----------+----------+------------+

+ Latency: 
    * Summary: 
    +---------+---------+----------+----------+-----+-----+---------+
    |  Latency (cycles) |  Latency (absolute) |  Interval | Pipeline|
    |   min   |   max   |    min   |    max   | min | max |   Type  |
    +---------+---------+----------+----------+-----+-----+---------+
    |       63|       63| 0.630 us | 0.630 us |   63|   63|   none  |
    +---------+---------+----------+----------+-----+-----+---------+

    + Detail: 
        * Instance: 
        N/A

        * Loop: 
        +------------+---------+---------+----------+-----------+-----------+------+----------+
        |            |  Latency (cycles) | Iteration|  Initiation Interval  | Trip |          |
        |  Loop Name |   min   |   max   |  Latency |  achieved |   target  | Count| Pipelined|
        +------------+---------+---------+----------+-----------+-----------+------+----------+
        |- for_Loop  |       61|       61|         3|          1|          1|    60|    yes   |
        +------------+---------+---------+----------+-----------+-----------+------+----------+



================================================================
== Utilization Estimates
================================================================
* Summary: 
+-----------------+---------+-------+--------+--------+-----+
|       Name      | BRAM_18K| DSP48E|   FF   |   LUT  | URAM|
+-----------------+---------+-------+--------+--------+-----+
|DSP              |        -|      -|       -|       -|    -|
|Expression       |        -|      5|       0|     162|    -|
|FIFO             |        -|      -|       -|       -|    -|
|Instance         |        -|      -|       -|       -|    -|
|Memory           |        -|      -|       -|       -|    -|
|Multiplexer      |        -|      -|       -|      53|    -|
|Register         |        -|      -|     155|       -|    -|
+-----------------+---------+-------+--------+--------+-----+
|Total            |        0|      5|     155|     215|    0|
+-----------------+---------+-------+--------+--------+-----+
|Available        |      650|    600|  202800|  101400|    0|
+-----------------+---------+-------+--------+--------+-----+
|Utilization (%)  |        0|   ~0  |   ~0   |   ~0   |    0|
+-----------------+---------+-------+--------+--------+-----+

+ Detail: 
    * Instance: 
    N/A

    * DSP48E: 
    N/A

    * Memory: 
    N/A

    * FIFO: 
    N/A

    * Expression: 
    +-------------------------+----------+-------+---+----+------------+------------+
    |      Variable Name      | Operation| DSP48E| FF| LUT| Bitwidth P0| Bitwidth P1|
    +-------------------------+----------+-------+---+----+------------+------------+
    |mul_ln23_fu_142_p2       |     *    |      2|  0|  21|          32|          16|
    |res_fu_109_p2            |     *    |      3|  0|  21|          32|          32|
    |add_ln23_1_fu_115_p2     |     +    |      0|  0|  24|          17|           6|
    |add_ln23_fu_147_p2       |     +    |      0|  0|  32|          32|          32|
    |i_fu_131_p2              |     +    |      0|  0|  15|           6|           1|
    |out_r_d0                 |     +    |      0|  0|  32|          32|          32|
    |icmp_ln15_fu_125_p2      |   icmp   |      0|  0|  11|           6|           4|
    |ap_block_state1          |    or    |      0|  0|   2|           1|           1|
    |ap_enable_pp0            |    xor   |      0|  0|   2|           1|           2|
    |ap_enable_reg_pp0_iter1  |    xor   |      0|  0|   2|           2|           1|
    +-------------------------+----------+-------+---+----+------------+------------+
    |Total                    |          |      5|  0| 162|         161|         127|
    +-------------------------+----------+-------+---+----+------------+------------+

    * Multiplexer: 
    +-------------------------+----+-----------+-----+-----------+
    |           Name          | LUT| Input Size| Bits| Total Bits|
    +-------------------------+----+-----------+-----+-----------+
    |ap_NS_fsm                |  17|          4|    1|          4|
    |ap_done                  |   9|          2|    1|          2|
    |ap_enable_reg_pp0_iter1  |   9|          2|    1|          2|
    |ap_enable_reg_pp0_iter2  |   9|          2|    1|          2|
    |i_0_i_i_reg_90           |   9|          2|    6|         12|
    +-------------------------+----+-----------+-----+-----------+
    |Total                    |  53|         12|   10|         22|
    +-------------------------+----+-----------+-----+-----------+

    * Register: 
    +---------------------------------+----+----+-----+-----------+
    |               Name              | FF | LUT| Bits| Const Bits|
    +---------------------------------+----+----+-----+-----------+
    |ap_CS_fsm                        |   3|   0|    3|          0|
    |ap_done_reg                      |   1|   0|    1|          0|
    |ap_enable_reg_pp0_iter0          |   1|   0|    1|          0|
    |ap_enable_reg_pp0_iter1          |   1|   0|    1|          0|
    |ap_enable_reg_pp0_iter2          |   1|   0|    1|          0|
    |i_0_i_i_reg_90                   |   6|   0|    6|          0|
    |icmp_ln15_reg_172                |   1|   0|    1|          0|
    |icmp_ln15_reg_172_pp0_iter1_reg  |   1|   0|    1|          0|
    |mul_ln23_reg_191                 |  32|   0|   32|          0|
    |res_reg_162                      |  32|   0|   32|          0|
    |sext_ln23_1_reg_167              |  32|   0|   32|          0|
    |sext_ln23_reg_157                |  32|   0|   32|          0|
    |zext_ln18_reg_181                |   6|   0|   64|         58|
    |zext_ln18_reg_181_pp0_iter1_reg  |   6|   0|   64|         58|
    +---------------------------------+----+----+-----+-----------+
    |Total                            | 155|   0|  271|        116|
    +---------------------------------+----+----+-----+-----------+



================================================================
== Interface
================================================================
* Summary: 
+----------------+-----+-----+------------+--------------------+--------------+
|    RTL Ports   | Dir | Bits|  Protocol  |    Source Object   |    C Type    |
+----------------+-----+-----+------------+--------------------+--------------+
|ap_clk          |  in |    1| ap_ctrl_hs | Loop_for_Loop_proc | return value |
|ap_rst          |  in |    1| ap_ctrl_hs | Loop_for_Loop_proc | return value |
|ap_start        |  in |    1| ap_ctrl_hs | Loop_for_Loop_proc | return value |
|ap_done         | out |    1| ap_ctrl_hs | Loop_for_Loop_proc | return value |
|ap_continue     |  in |    1| ap_ctrl_hs | Loop_for_Loop_proc | return value |
|ap_idle         | out |    1| ap_ctrl_hs | Loop_for_Loop_proc | return value |
|ap_ready        | out |    1| ap_ctrl_hs | Loop_for_Loop_proc | return value |
|a               |  in |   16|   ap_none  |          a         |    scalar    |
|b               |  in |   16|   ap_none  |          b         |    scalar    |
|in_r_address0   | out |    6|  ap_memory |        in_r        |     array    |
|in_r_ce0        | out |    1|  ap_memory |        in_r        |     array    |
|in_r_q0         |  in |   32|  ap_memory |        in_r        |     array    |
|c               |  in |   32|   ap_none  |          c         |    scalar    |
|out_r_address0  | out |    6|  ap_memory |        out_r       |     array    |
|out_r_ce0       | out |    1|  ap_memory |        out_r       |     array    |
|out_r_we0       | out |    1|  ap_memory |        out_r       |     array    |
|out_r_d0        | out |   32|  ap_memory |        out_r       |     array    |
+----------------+-----+-----+------------+--------------------+--------------+

