

================================================================
== Vivado HLS Report for 'ex4'
================================================================
* Date:           Fri May 12 18:50:45 2023

* Version:        2020.1 (Build 2897737 on Wed May 27 20:21:37 MDT 2020)
* Project:        Exercise4_array
* Solution:       solution1
* Product family: kintex7
* Target device:  xc7k160t-fbg484-2


================================================================
== Performance Estimates
================================================================
+ Timing: 
    * Summary: 
    +--------+----------+----------+------------+
    |  Clock |  Target  | Estimated| Uncertainty|
    +--------+----------+----------+------------+
    |ap_clk  | 10.00 ns | 2.662 ns |   1.25 ns  |
    +--------+----------+----------+------------+

+ Latency: 
    * Summary: 
    +---------+---------+----------+----------+-----+-----+---------+
    |  Latency (cycles) |  Latency (absolute) |  Interval | Pipeline|
    |   min   |   max   |    min   |    max   | min | max |   Type  |
    +---------+---------+----------+----------+-----+-----+---------+
    |       21|       21| 0.210 us | 0.210 us |   21|   21|   none  |
    +---------+---------+----------+----------+-----+-----+---------+

    + Detail: 
        * Instance: 
        N/A

        * Loop: 
        +----------+---------+---------+----------+-----------+-----------+------+----------+
        |          |  Latency (cycles) | Iteration|  Initiation Interval  | Trip |          |
        | Loop Name|   min   |   max   |  Latency |  achieved |   target  | Count| Pipelined|
        +----------+---------+---------+----------+-----------+-----------+------+----------+
        |- LOOP_I  |       20|       20|         2|          -|          -|    10|    no    |
        +----------+---------+---------+----------+-----------+-----------+------+----------+



================================================================
== Utilization Estimates
================================================================
* Summary: 
+-----------------+---------+-------+--------+--------+-----+
|       Name      | BRAM_18K| DSP48E|   FF   |   LUT  | URAM|
+-----------------+---------+-------+--------+--------+-----+
|DSP              |        -|      -|       -|       -|    -|
|Expression       |        -|      -|       0|      61|    -|
|FIFO             |        -|      -|       -|       -|    -|
|Instance         |        -|      -|       -|       -|    -|
|Memory           |        -|      -|       -|       -|    -|
|Multiplexer      |        -|      -|       -|      35|    -|
|Register         |        -|      -|      43|       -|    -|
+-----------------+---------+-------+--------+--------+-----+
|Total            |        0|      0|      43|      96|    0|
+-----------------+---------+-------+--------+--------+-----+
|Available        |      650|    600|  202800|  101400|    0|
+-----------------+---------+-------+--------+--------+-----+
|Utilization (%)  |        0|      0|   ~0   |   ~0   |    0|
+-----------------+---------+-------+--------+--------+-----+

+ Detail: 
    * Instance: 
    N/A

    * DSP48E: 
    N/A

    * Memory: 
    N/A

    * FIFO: 
    N/A

    * Expression: 
    +-------------------+----------+-------+---+----+------------+------------+
    |   Variable Name   | Operation| DSP48E| FF| LUT| Bitwidth P0| Bitwidth P1|
    +-------------------+----------+-------+---+----+------------+------------+
    |acc_fu_91_p2       |     +    |      0|  0|  39|          32|          32|
    |i_fu_80_p2         |     +    |      0|  0|  13|           4|           1|
    |icmp_ln7_fu_74_p2  |   icmp   |      0|  0|   9|           4|           4|
    +-------------------+----------+-------+---+----+------------+------------+
    |Total              |          |      0|  0|  61|          40|          37|
    +-------------------+----------+-------+---+----+------------+------------+

    * Multiplexer: 
    +--------------+----+-----------+-----+-----------+
    |     Name     | LUT| Input Size| Bits| Total Bits|
    +--------------+----+-----------+-----+-----------+
    |acc_0_reg_61  |   9|          2|   32|         64|
    |ap_NS_fsm     |  17|          4|    1|          4|
    |i_0_reg_50    |   9|          2|    4|          8|
    +--------------+----+-----------+-----+-----------+
    |Total         |  35|          8|   37|         76|
    +--------------+----+-----------+-----+-----------+

    * Register: 
    +--------------+----+----+-----+-----------+
    |     Name     | FF | LUT| Bits| Const Bits|
    +--------------+----+----+-----+-----------+
    |acc_0_reg_61  |  32|   0|   32|          0|
    |ap_CS_fsm     |   3|   0|    3|          0|
    |i_0_reg_50    |   4|   0|    4|          0|
    |i_reg_100     |   4|   0|    4|          0|
    +--------------+----+----+-----+-----------+
    |Total         |  43|   0|   43|          0|
    +--------------+----+----+-----+-----------+



================================================================
== Interface
================================================================
* Summary: 
+------------+-----+-----+------------+--------------+--------------+
|  RTL Ports | Dir | Bits|  Protocol  | Source Object|    C Type    |
+------------+-----+-----+------------+--------------+--------------+
|ap_clk      |  in |    1| ap_ctrl_hs |      ex4     | return value |
|ap_rst      |  in |    1| ap_ctrl_hs |      ex4     | return value |
|ap_start    |  in |    1| ap_ctrl_hs |      ex4     | return value |
|ap_done     | out |    1| ap_ctrl_hs |      ex4     | return value |
|ap_idle     | out |    1| ap_ctrl_hs |      ex4     | return value |
|ap_ready    | out |    1| ap_ctrl_hs |      ex4     | return value |
|A_address0  | out |    4|  ap_memory |       A      |     array    |
|A_ce0       | out |    1|  ap_memory |       A      |     array    |
|A_q0        |  in |   32|  ap_memory |       A      |     array    |
|B           | out |   32|   ap_vld   |       B      |    pointer   |
|B_ap_vld    | out |    1|   ap_vld   |       B      |    pointer   |
+------------+-----+-----+------------+--------------+--------------+

