

================================================================
== Vivado HLS Report for 'lec8Ex1'
================================================================
* Date:           Tue May  9 14:37:05 2023

* Version:        2020.1 (Build 2897737 on Wed May 27 20:21:37 MDT 2020)
* Project:        hw4_partflow
* Solution:       solution1
* Product family: kintex7
* Target device:  xc7k160t-fbg484-2


================================================================
== Performance Estimates
================================================================
+ Timing: 
    * Summary: 
    +--------+----------+----------+------------+
    |  Clock |  Target  | Estimated| Uncertainty|
    +--------+----------+----------+------------+
    |ap_clk  | 10.00 ns | 8.518 ns |   1.25 ns  |
    +--------+----------+----------+------------+

+ Latency: 
    * Summary: 
    +---------+---------+----------+----------+-----+-----+---------+
    |  Latency (cycles) |  Latency (absolute) |  Interval | Pipeline|
    |   min   |   max   |    min   |    max   | min | max |   Type  |
    +---------+---------+----------+----------+-----+-----+---------+
    |        0|        0|   0 ns   |   0 ns   |    0|    0|   none  |
    +---------+---------+----------+----------+-----+-----+---------+

    + Detail: 
        * Instance: 
        N/A

        * Loop: 
        N/A



================================================================
== Utilization Estimates
================================================================
* Summary: 
+-----------------+---------+-------+--------+--------+-----+
|       Name      | BRAM_18K| DSP48E|   FF   |   LUT  | URAM|
+-----------------+---------+-------+--------+--------+-----+
|DSP              |        -|      -|       -|       -|    -|
|Expression       |        -|    123|       0|    3684|    -|
|FIFO             |        -|      -|       -|       -|    -|
|Instance         |        -|      -|       -|       -|    -|
|Memory           |        -|      -|       -|       -|    -|
|Multiplexer      |        -|      -|       -|       -|    -|
|Register         |        -|      -|       -|       -|    -|
+-----------------+---------+-------+--------+--------+-----+
|Total            |        0|    123|       0|    3684|    0|
+-----------------+---------+-------+--------+--------+-----+
|Available        |      650|    600|  202800|  101400|    0|
+-----------------+---------+-------+--------+--------+-----+
|Utilization (%)  |        0|     20|       0|       3|    0|
+-----------------+---------+-------+--------+--------+-----+

+ Detail: 
    * Instance: 
    N/A

    * DSP48E: 
    N/A

    * Memory: 
    N/A

    * FIFO: 
    N/A

    * Expression: 
    +------------------------+----------+-------+---+----+------------+------------+
    |      Variable Name     | Operation| DSP48E| FF| LUT| Bitwidth P0| Bitwidth P1|
    +------------------------+----------+-------+---+----+------------+------------+
    |mul_ln24_10_fu_1220_p2  |     *    |      2|  0|  21|          32|          16|
    |mul_ln24_11_fu_1233_p2  |     *    |      2|  0|  21|          32|          16|
    |mul_ln24_12_fu_1246_p2  |     *    |      2|  0|  21|          32|          16|
    |mul_ln24_13_fu_1259_p2  |     *    |      2|  0|  21|          32|          16|
    |mul_ln24_14_fu_1272_p2  |     *    |      2|  0|  21|          32|          16|
    |mul_ln24_15_fu_1285_p2  |     *    |      2|  0|  21|          32|          16|
    |mul_ln24_16_fu_1298_p2  |     *    |      2|  0|  21|          32|          16|
    |mul_ln24_17_fu_1311_p2  |     *    |      2|  0|  21|          32|          16|
    |mul_ln24_18_fu_1324_p2  |     *    |      2|  0|  21|          32|          16|
    |mul_ln24_19_fu_1337_p2  |     *    |      2|  0|  21|          32|          16|
    |mul_ln24_1_fu_1103_p2   |     *    |      2|  0|  21|          32|          16|
    |mul_ln24_20_fu_1350_p2  |     *    |      2|  0|  21|          32|          16|
    |mul_ln24_21_fu_1363_p2  |     *    |      2|  0|  21|          32|          16|
    |mul_ln24_22_fu_1376_p2  |     *    |      2|  0|  21|          32|          16|
    |mul_ln24_23_fu_1389_p2  |     *    |      2|  0|  21|          32|          16|
    |mul_ln24_24_fu_1402_p2  |     *    |      2|  0|  21|          32|          16|
    |mul_ln24_25_fu_1415_p2  |     *    |      2|  0|  21|          32|          16|
    |mul_ln24_26_fu_1428_p2  |     *    |      2|  0|  21|          32|          16|
    |mul_ln24_27_fu_1441_p2  |     *    |      2|  0|  21|          32|          16|
    |mul_ln24_28_fu_1454_p2  |     *    |      2|  0|  21|          32|          16|
    |mul_ln24_29_fu_1467_p2  |     *    |      2|  0|  21|          32|          16|
    |mul_ln24_2_fu_1116_p2   |     *    |      2|  0|  21|          32|          16|
    |mul_ln24_30_fu_1480_p2  |     *    |      2|  0|  21|          32|          16|
    |mul_ln24_31_fu_1493_p2  |     *    |      2|  0|  21|          32|          16|
    |mul_ln24_32_fu_1506_p2  |     *    |      2|  0|  21|          32|          16|
    |mul_ln24_33_fu_1519_p2  |     *    |      2|  0|  21|          32|          16|
    |mul_ln24_34_fu_1532_p2  |     *    |      2|  0|  21|          32|          16|
    |mul_ln24_35_fu_1545_p2  |     *    |      2|  0|  21|          32|          16|
    |mul_ln24_36_fu_1558_p2  |     *    |      2|  0|  21|          32|          16|
    |mul_ln24_37_fu_1571_p2  |     *    |      2|  0|  21|          32|          16|
    |mul_ln24_38_fu_1584_p2  |     *    |      2|  0|  21|          32|          16|
    |mul_ln24_39_fu_1597_p2  |     *    |      2|  0|  21|          32|          16|
    |mul_ln24_3_fu_1129_p2   |     *    |      2|  0|  21|          32|          16|
    |mul_ln24_40_fu_1610_p2  |     *    |      2|  0|  21|          32|          16|
    |mul_ln24_41_fu_1623_p2  |     *    |      2|  0|  21|          32|          16|
    |mul_ln24_42_fu_1636_p2  |     *    |      2|  0|  21|          32|          16|
    |mul_ln24_43_fu_1649_p2  |     *    |      2|  0|  21|          32|          16|
    |mul_ln24_44_fu_1662_p2  |     *    |      2|  0|  21|          32|          16|
    |mul_ln24_45_fu_1675_p2  |     *    |      2|  0|  21|          32|          16|
    |mul_ln24_46_fu_1688_p2  |     *    |      2|  0|  21|          32|          16|
    |mul_ln24_47_fu_1701_p2  |     *    |      2|  0|  21|          32|          16|
    |mul_ln24_48_fu_1714_p2  |     *    |      2|  0|  21|          32|          16|
    |mul_ln24_49_fu_1727_p2  |     *    |      2|  0|  21|          32|          16|
    |mul_ln24_4_fu_1142_p2   |     *    |      2|  0|  21|          32|          16|
    |mul_ln24_50_fu_1740_p2  |     *    |      2|  0|  21|          32|          16|
    |mul_ln24_51_fu_1753_p2  |     *    |      2|  0|  21|          32|          16|
    |mul_ln24_52_fu_1766_p2  |     *    |      2|  0|  21|          32|          16|
    |mul_ln24_53_fu_1779_p2  |     *    |      2|  0|  21|          32|          16|
    |mul_ln24_54_fu_1792_p2  |     *    |      2|  0|  21|          32|          16|
    |mul_ln24_55_fu_1805_p2  |     *    |      2|  0|  21|          32|          16|
    |mul_ln24_56_fu_1818_p2  |     *    |      2|  0|  21|          32|          16|
    |mul_ln24_57_fu_1831_p2  |     *    |      2|  0|  21|          32|          16|
    |mul_ln24_58_fu_1844_p2  |     *    |      2|  0|  21|          32|          16|
    |mul_ln24_59_fu_1857_p2  |     *    |      2|  0|  21|          32|          16|
    |mul_ln24_5_fu_1155_p2   |     *    |      2|  0|  21|          32|          16|
    |mul_ln24_6_fu_1168_p2   |     *    |      2|  0|  21|          32|          16|
    |mul_ln24_7_fu_1181_p2   |     *    |      2|  0|  21|          32|          16|
    |mul_ln24_8_fu_1194_p2   |     *    |      2|  0|  21|          32|          16|
    |mul_ln24_9_fu_1207_p2   |     *    |      2|  0|  21|          32|          16|
    |mul_ln24_fu_1068_p2     |     *    |      2|  0|  21|          32|          16|
    |mul_ln34_fu_1074_p2     |     *    |      3|  0|  21|          32|          32|
    |add_ln24_1_fu_1090_p2   |     +    |      0|  0|  39|          32|          32|
    |add_ln24_fu_1080_p2     |     +    |      0|  0|  24|          17|           6|
    |out_0                   |     +    |      0|  0|  39|          32|          32|
    |out_1                   |     +    |      0|  0|  39|          32|          32|
    |out_10                  |     +    |      0|  0|  39|          32|          32|
    |out_11                  |     +    |      0|  0|  39|          32|          32|
    |out_12                  |     +    |      0|  0|  39|          32|          32|
    |out_13                  |     +    |      0|  0|  39|          32|          32|
    |out_14                  |     +    |      0|  0|  39|          32|          32|
    |out_15                  |     +    |      0|  0|  39|          32|          32|
    |out_16                  |     +    |      0|  0|  39|          32|          32|
    |out_17                  |     +    |      0|  0|  39|          32|          32|
    |out_18                  |     +    |      0|  0|  39|          32|          32|
    |out_19                  |     +    |      0|  0|  39|          32|          32|
    |out_2                   |     +    |      0|  0|  39|          32|          32|
    |out_20                  |     +    |      0|  0|  39|          32|          32|
    |out_21                  |     +    |      0|  0|  39|          32|          32|
    |out_22                  |     +    |      0|  0|  39|          32|          32|
    |out_23                  |     +    |      0|  0|  39|          32|          32|
    |out_24                  |     +    |      0|  0|  39|          32|          32|
    |out_25                  |     +    |      0|  0|  39|          32|          32|
    |out_26                  |     +    |      0|  0|  39|          32|          32|
    |out_27                  |     +    |      0|  0|  39|          32|          32|
    |out_28                  |     +    |      0|  0|  39|          32|          32|
    |out_29                  |     +    |      0|  0|  39|          32|          32|
    |out_3                   |     +    |      0|  0|  39|          32|          32|
    |out_30                  |     +    |      0|  0|  39|          32|          32|
    |out_31                  |     +    |      0|  0|  39|          32|          32|
    |out_32                  |     +    |      0|  0|  39|          32|          32|
    |out_33                  |     +    |      0|  0|  39|          32|          32|
    |out_34                  |     +    |      0|  0|  39|          32|          32|
    |out_35                  |     +    |      0|  0|  39|          32|          32|
    |out_36                  |     +    |      0|  0|  39|          32|          32|
    |out_37                  |     +    |      0|  0|  39|          32|          32|
    |out_38                  |     +    |      0|  0|  39|          32|          32|
    |out_39                  |     +    |      0|  0|  39|          32|          32|
    |out_4                   |     +    |      0|  0|  39|          32|          32|
    |out_40                  |     +    |      0|  0|  39|          32|          32|
    |out_41                  |     +    |      0|  0|  39|          32|          32|
    |out_42                  |     +    |      0|  0|  39|          32|          32|
    |out_43                  |     +    |      0|  0|  39|          32|          32|
    |out_44                  |     +    |      0|  0|  39|          32|          32|
    |out_45                  |     +    |      0|  0|  39|          32|          32|
    |out_46                  |     +    |      0|  0|  39|          32|          32|
    |out_47                  |     +    |      0|  0|  39|          32|          32|
    |out_48                  |     +    |      0|  0|  39|          32|          32|
    |out_49                  |     +    |      0|  0|  39|          32|          32|
    |out_5                   |     +    |      0|  0|  39|          32|          32|
    |out_50                  |     +    |      0|  0|  39|          32|          32|
    |out_51                  |     +    |      0|  0|  39|          32|          32|
    |out_52                  |     +    |      0|  0|  39|          32|          32|
    |out_53                  |     +    |      0|  0|  39|          32|          32|
    |out_54                  |     +    |      0|  0|  39|          32|          32|
    |out_55                  |     +    |      0|  0|  39|          32|          32|
    |out_56                  |     +    |      0|  0|  39|          32|          32|
    |out_57                  |     +    |      0|  0|  39|          32|          32|
    |out_58                  |     +    |      0|  0|  39|          32|          32|
    |out_59                  |     +    |      0|  0|  39|          32|          32|
    |out_6                   |     +    |      0|  0|  39|          32|          32|
    |out_7                   |     +    |      0|  0|  39|          32|          32|
    |out_8                   |     +    |      0|  0|  39|          32|          32|
    |out_9                   |     +    |      0|  0|  39|          32|          32|
    +------------------------+----------+-------+---+----+------------+------------+
    |Total                   |          |    123|  0|3684|        3921|        2950|
    +------------------------+----------+-------+---+----+------------+------------+

    * Multiplexer: 
    N/A

    * Register: 
    N/A



================================================================
== Interface
================================================================
* Summary: 
+---------------+-----+-----+------------+--------------+--------------+
|   RTL Ports   | Dir | Bits|  Protocol  | Source Object|    C Type    |
+---------------+-----+-----+------------+--------------+--------------+
|ap_start       |  in |    1| ap_ctrl_hs |    lec8Ex1   | return value |
|ap_done        | out |    1| ap_ctrl_hs |    lec8Ex1   | return value |
|ap_idle        | out |    1| ap_ctrl_hs |    lec8Ex1   | return value |
|ap_ready       | out |    1| ap_ctrl_hs |    lec8Ex1   | return value |
|in_0           |  in |   32|   ap_none  |     in_0     |    pointer   |
|in_1           |  in |   32|   ap_none  |     in_1     |    pointer   |
|in_2           |  in |   32|   ap_none  |     in_2     |    pointer   |
|in_3           |  in |   32|   ap_none  |     in_3     |    pointer   |
|in_4           |  in |   32|   ap_none  |     in_4     |    pointer   |
|in_5           |  in |   32|   ap_none  |     in_5     |    pointer   |
|in_6           |  in |   32|   ap_none  |     in_6     |    pointer   |
|in_7           |  in |   32|   ap_none  |     in_7     |    pointer   |
|in_8           |  in |   32|   ap_none  |     in_8     |    pointer   |
|in_9           |  in |   32|   ap_none  |     in_9     |    pointer   |
|in_10          |  in |   32|   ap_none  |     in_10    |    pointer   |
|in_11          |  in |   32|   ap_none  |     in_11    |    pointer   |
|in_12          |  in |   32|   ap_none  |     in_12    |    pointer   |
|in_13          |  in |   32|   ap_none  |     in_13    |    pointer   |
|in_14          |  in |   32|   ap_none  |     in_14    |    pointer   |
|in_15          |  in |   32|   ap_none  |     in_15    |    pointer   |
|in_16          |  in |   32|   ap_none  |     in_16    |    pointer   |
|in_17          |  in |   32|   ap_none  |     in_17    |    pointer   |
|in_18          |  in |   32|   ap_none  |     in_18    |    pointer   |
|in_19          |  in |   32|   ap_none  |     in_19    |    pointer   |
|in_20          |  in |   32|   ap_none  |     in_20    |    pointer   |
|in_21          |  in |   32|   ap_none  |     in_21    |    pointer   |
|in_22          |  in |   32|   ap_none  |     in_22    |    pointer   |
|in_23          |  in |   32|   ap_none  |     in_23    |    pointer   |
|in_24          |  in |   32|   ap_none  |     in_24    |    pointer   |
|in_25          |  in |   32|   ap_none  |     in_25    |    pointer   |
|in_26          |  in |   32|   ap_none  |     in_26    |    pointer   |
|in_27          |  in |   32|   ap_none  |     in_27    |    pointer   |
|in_28          |  in |   32|   ap_none  |     in_28    |    pointer   |
|in_29          |  in |   32|   ap_none  |     in_29    |    pointer   |
|in_30          |  in |   32|   ap_none  |     in_30    |    pointer   |
|in_31          |  in |   32|   ap_none  |     in_31    |    pointer   |
|in_32          |  in |   32|   ap_none  |     in_32    |    pointer   |
|in_33          |  in |   32|   ap_none  |     in_33    |    pointer   |
|in_34          |  in |   32|   ap_none  |     in_34    |    pointer   |
|in_35          |  in |   32|   ap_none  |     in_35    |    pointer   |
|in_36          |  in |   32|   ap_none  |     in_36    |    pointer   |
|in_37          |  in |   32|   ap_none  |     in_37    |    pointer   |
|in_38          |  in |   32|   ap_none  |     in_38    |    pointer   |
|in_39          |  in |   32|   ap_none  |     in_39    |    pointer   |
|in_40          |  in |   32|   ap_none  |     in_40    |    pointer   |
|in_41          |  in |   32|   ap_none  |     in_41    |    pointer   |
|in_42          |  in |   32|   ap_none  |     in_42    |    pointer   |
|in_43          |  in |   32|   ap_none  |     in_43    |    pointer   |
|in_44          |  in |   32|   ap_none  |     in_44    |    pointer   |
|in_45          |  in |   32|   ap_none  |     in_45    |    pointer   |
|in_46          |  in |   32|   ap_none  |     in_46    |    pointer   |
|in_47          |  in |   32|   ap_none  |     in_47    |    pointer   |
|in_48          |  in |   32|   ap_none  |     in_48    |    pointer   |
|in_49          |  in |   32|   ap_none  |     in_49    |    pointer   |
|in_50          |  in |   32|   ap_none  |     in_50    |    pointer   |
|in_51          |  in |   32|   ap_none  |     in_51    |    pointer   |
|in_52          |  in |   32|   ap_none  |     in_52    |    pointer   |
|in_53          |  in |   32|   ap_none  |     in_53    |    pointer   |
|in_54          |  in |   32|   ap_none  |     in_54    |    pointer   |
|in_55          |  in |   32|   ap_none  |     in_55    |    pointer   |
|in_56          |  in |   32|   ap_none  |     in_56    |    pointer   |
|in_57          |  in |   32|   ap_none  |     in_57    |    pointer   |
|in_58          |  in |   32|   ap_none  |     in_58    |    pointer   |
|in_59          |  in |   32|   ap_none  |     in_59    |    pointer   |
|a              |  in |   16|   ap_none  |       a      |    scalar    |
|b              |  in |   16|   ap_none  |       b      |    scalar    |
|c              |  in |   32|   ap_none  |       c      |    scalar    |
|out_0          | out |   32|   ap_vld   |     out_0    |    pointer   |
|out_0_ap_vld   | out |    1|   ap_vld   |     out_0    |    pointer   |
|out_1          | out |   32|   ap_vld   |     out_1    |    pointer   |
|out_1_ap_vld   | out |    1|   ap_vld   |     out_1    |    pointer   |
|out_2          | out |   32|   ap_vld   |     out_2    |    pointer   |
|out_2_ap_vld   | out |    1|   ap_vld   |     out_2    |    pointer   |
|out_3          | out |   32|   ap_vld   |     out_3    |    pointer   |
|out_3_ap_vld   | out |    1|   ap_vld   |     out_3    |    pointer   |
|out_4          | out |   32|   ap_vld   |     out_4    |    pointer   |
|out_4_ap_vld   | out |    1|   ap_vld   |     out_4    |    pointer   |
|out_5          | out |   32|   ap_vld   |     out_5    |    pointer   |
|out_5_ap_vld   | out |    1|   ap_vld   |     out_5    |    pointer   |
|out_6          | out |   32|   ap_vld   |     out_6    |    pointer   |
|out_6_ap_vld   | out |    1|   ap_vld   |     out_6    |    pointer   |
|out_7          | out |   32|   ap_vld   |     out_7    |    pointer   |
|out_7_ap_vld   | out |    1|   ap_vld   |     out_7    |    pointer   |
|out_8          | out |   32|   ap_vld   |     out_8    |    pointer   |
|out_8_ap_vld   | out |    1|   ap_vld   |     out_8    |    pointer   |
|out_9          | out |   32|   ap_vld   |     out_9    |    pointer   |
|out_9_ap_vld   | out |    1|   ap_vld   |     out_9    |    pointer   |
|out_10         | out |   32|   ap_vld   |    out_10    |    pointer   |
|out_10_ap_vld  | out |    1|   ap_vld   |    out_10    |    pointer   |
|out_11         | out |   32|   ap_vld   |    out_11    |    pointer   |
|out_11_ap_vld  | out |    1|   ap_vld   |    out_11    |    pointer   |
|out_12         | out |   32|   ap_vld   |    out_12    |    pointer   |
|out_12_ap_vld  | out |    1|   ap_vld   |    out_12    |    pointer   |
|out_13         | out |   32|   ap_vld   |    out_13    |    pointer   |
|out_13_ap_vld  | out |    1|   ap_vld   |    out_13    |    pointer   |
|out_14         | out |   32|   ap_vld   |    out_14    |    pointer   |
|out_14_ap_vld  | out |    1|   ap_vld   |    out_14    |    pointer   |
|out_15         | out |   32|   ap_vld   |    out_15    |    pointer   |
|out_15_ap_vld  | out |    1|   ap_vld   |    out_15    |    pointer   |
|out_16         | out |   32|   ap_vld   |    out_16    |    pointer   |
|out_16_ap_vld  | out |    1|   ap_vld   |    out_16    |    pointer   |
|out_17         | out |   32|   ap_vld   |    out_17    |    pointer   |
|out_17_ap_vld  | out |    1|   ap_vld   |    out_17    |    pointer   |
|out_18         | out |   32|   ap_vld   |    out_18    |    pointer   |
|out_18_ap_vld  | out |    1|   ap_vld   |    out_18    |    pointer   |
|out_19         | out |   32|   ap_vld   |    out_19    |    pointer   |
|out_19_ap_vld  | out |    1|   ap_vld   |    out_19    |    pointer   |
|out_20         | out |   32|   ap_vld   |    out_20    |    pointer   |
|out_20_ap_vld  | out |    1|   ap_vld   |    out_20    |    pointer   |
|out_21         | out |   32|   ap_vld   |    out_21    |    pointer   |
|out_21_ap_vld  | out |    1|   ap_vld   |    out_21    |    pointer   |
|out_22         | out |   32|   ap_vld   |    out_22    |    pointer   |
|out_22_ap_vld  | out |    1|   ap_vld   |    out_22    |    pointer   |
|out_23         | out |   32|   ap_vld   |    out_23    |    pointer   |
|out_23_ap_vld  | out |    1|   ap_vld   |    out_23    |    pointer   |
|out_24         | out |   32|   ap_vld   |    out_24    |    pointer   |
|out_24_ap_vld  | out |    1|   ap_vld   |    out_24    |    pointer   |
|out_25         | out |   32|   ap_vld   |    out_25    |    pointer   |
|out_25_ap_vld  | out |    1|   ap_vld   |    out_25    |    pointer   |
|out_26         | out |   32|   ap_vld   |    out_26    |    pointer   |
|out_26_ap_vld  | out |    1|   ap_vld   |    out_26    |    pointer   |
|out_27         | out |   32|   ap_vld   |    out_27    |    pointer   |
|out_27_ap_vld  | out |    1|   ap_vld   |    out_27    |    pointer   |
|out_28         | out |   32|   ap_vld   |    out_28    |    pointer   |
|out_28_ap_vld  | out |    1|   ap_vld   |    out_28    |    pointer   |
|out_29         | out |   32|   ap_vld   |    out_29    |    pointer   |
|out_29_ap_vld  | out |    1|   ap_vld   |    out_29    |    pointer   |
|out_30         | out |   32|   ap_vld   |    out_30    |    pointer   |
|out_30_ap_vld  | out |    1|   ap_vld   |    out_30    |    pointer   |
|out_31         | out |   32|   ap_vld   |    out_31    |    pointer   |
|out_31_ap_vld  | out |    1|   ap_vld   |    out_31    |    pointer   |
|out_32         | out |   32|   ap_vld   |    out_32    |    pointer   |
|out_32_ap_vld  | out |    1|   ap_vld   |    out_32    |    pointer   |
|out_33         | out |   32|   ap_vld   |    out_33    |    pointer   |
|out_33_ap_vld  | out |    1|   ap_vld   |    out_33    |    pointer   |
|out_34         | out |   32|   ap_vld   |    out_34    |    pointer   |
|out_34_ap_vld  | out |    1|   ap_vld   |    out_34    |    pointer   |
|out_35         | out |   32|   ap_vld   |    out_35    |    pointer   |
|out_35_ap_vld  | out |    1|   ap_vld   |    out_35    |    pointer   |
|out_36         | out |   32|   ap_vld   |    out_36    |    pointer   |
|out_36_ap_vld  | out |    1|   ap_vld   |    out_36    |    pointer   |
|out_37         | out |   32|   ap_vld   |    out_37    |    pointer   |
|out_37_ap_vld  | out |    1|   ap_vld   |    out_37    |    pointer   |
|out_38         | out |   32|   ap_vld   |    out_38    |    pointer   |
|out_38_ap_vld  | out |    1|   ap_vld   |    out_38    |    pointer   |
|out_39         | out |   32|   ap_vld   |    out_39    |    pointer   |
|out_39_ap_vld  | out |    1|   ap_vld   |    out_39    |    pointer   |
|out_40         | out |   32|   ap_vld   |    out_40    |    pointer   |
|out_40_ap_vld  | out |    1|   ap_vld   |    out_40    |    pointer   |
|out_41         | out |   32|   ap_vld   |    out_41    |    pointer   |
|out_41_ap_vld  | out |    1|   ap_vld   |    out_41    |    pointer   |
|out_42         | out |   32|   ap_vld   |    out_42    |    pointer   |
|out_42_ap_vld  | out |    1|   ap_vld   |    out_42    |    pointer   |
|out_43         | out |   32|   ap_vld   |    out_43    |    pointer   |
|out_43_ap_vld  | out |    1|   ap_vld   |    out_43    |    pointer   |
|out_44         | out |   32|   ap_vld   |    out_44    |    pointer   |
|out_44_ap_vld  | out |    1|   ap_vld   |    out_44    |    pointer   |
|out_45         | out |   32|   ap_vld   |    out_45    |    pointer   |
|out_45_ap_vld  | out |    1|   ap_vld   |    out_45    |    pointer   |
|out_46         | out |   32|   ap_vld   |    out_46    |    pointer   |
|out_46_ap_vld  | out |    1|   ap_vld   |    out_46    |    pointer   |
|out_47         | out |   32|   ap_vld   |    out_47    |    pointer   |
|out_47_ap_vld  | out |    1|   ap_vld   |    out_47    |    pointer   |
|out_48         | out |   32|   ap_vld   |    out_48    |    pointer   |
|out_48_ap_vld  | out |    1|   ap_vld   |    out_48    |    pointer   |
|out_49         | out |   32|   ap_vld   |    out_49    |    pointer   |
|out_49_ap_vld  | out |    1|   ap_vld   |    out_49    |    pointer   |
|out_50         | out |   32|   ap_vld   |    out_50    |    pointer   |
|out_50_ap_vld  | out |    1|   ap_vld   |    out_50    |    pointer   |
|out_51         | out |   32|   ap_vld   |    out_51    |    pointer   |
|out_51_ap_vld  | out |    1|   ap_vld   |    out_51    |    pointer   |
|out_52         | out |   32|   ap_vld   |    out_52    |    pointer   |
|out_52_ap_vld  | out |    1|   ap_vld   |    out_52    |    pointer   |
|out_53         | out |   32|   ap_vld   |    out_53    |    pointer   |
|out_53_ap_vld  | out |    1|   ap_vld   |    out_53    |    pointer   |
|out_54         | out |   32|   ap_vld   |    out_54    |    pointer   |
|out_54_ap_vld  | out |    1|   ap_vld   |    out_54    |    pointer   |
|out_55         | out |   32|   ap_vld   |    out_55    |    pointer   |
|out_55_ap_vld  | out |    1|   ap_vld   |    out_55    |    pointer   |
|out_56         | out |   32|   ap_vld   |    out_56    |    pointer   |
|out_56_ap_vld  | out |    1|   ap_vld   |    out_56    |    pointer   |
|out_57         | out |   32|   ap_vld   |    out_57    |    pointer   |
|out_57_ap_vld  | out |    1|   ap_vld   |    out_57    |    pointer   |
|out_58         | out |   32|   ap_vld   |    out_58    |    pointer   |
|out_58_ap_vld  | out |    1|   ap_vld   |    out_58    |    pointer   |
|out_59         | out |   32|   ap_vld   |    out_59    |    pointer   |
|out_59_ap_vld  | out |    1|   ap_vld   |    out_59    |    pointer   |
+---------------+-----+-----+------------+--------------+--------------+

