

================================================================
== Vivado HLS Report for 'ex2'
================================================================
* Date:           Fri May 12 17:16:13 2023

* Version:        2020.1 (Build 2897737 on Wed May 27 20:21:37 MDT 2020)
* Project:        Exercise2_flatten
* Solution:       solution1
* Product family: kintex7
* Target device:  xc7k160t-fbg484-2


================================================================
== Performance Estimates
================================================================
+ Timing: 
    * Summary: 
    +--------+----------+----------+------------+
    |  Clock |  Target  | Estimated| Uncertainty|
    +--------+----------+----------+------------+
    |ap_clk  | 10.00 ns | 5.494 ns |   1.25 ns  |
    +--------+----------+----------+------------+

+ Latency: 
    * Summary: 
    +---------+---------+----------+----------+-----+-----+---------+
    |  Latency (cycles) |  Latency (absolute) |  Interval | Pipeline|
    |   min   |   max   |    min   |    max   | min | max |   Type  |
    +---------+---------+----------+----------+-----+-----+---------+
    |       73|       73| 0.730 us | 0.730 us |   73|   73|   none  |
    +---------+---------+----------+----------+-----+-----+---------+

    + Detail: 
        * Instance: 
        N/A

        * Loop: 
        +-----------------+---------+---------+----------+-----------+-----------+------+----------+
        |                 |  Latency (cycles) | Iteration|  Initiation Interval  | Trip |          |
        |    Loop Name    |   min   |   max   |  Latency |  achieved |   target  | Count| Pipelined|
        +-----------------+---------+---------+----------+-----------+-----------+------+----------+
        |- LOOP_I_LOOP_J  |       72|       72|         2|          -|          -|    36|    no    |
        +-----------------+---------+---------+----------+-----------+-----------+------+----------+

============================================================
+ Verbose Summary: Synthesis Manager
============================================================
InlineROM: 1
ExposeGlobal: 0
============================================================
+ Verbose Summary: CDFG Model
============================================================
IsTopModel: 1
ResetActiveHigh: 1
IsCombinational: 0
IsDatapathOnly: 0
HasWiredReturn: 1
HasMFsm: 0
HasVarLatency: 1
IsPipeline: 0
IsRtlPipelined: 0
IsInstanceOverlapped: 0
IsDontTouch: 0
HasImplIP: 0
IsGatedGlobalClock: 0


============================================================
+ Verbose Summary: Schedule
============================================================
* Number of FSM states : 3
* Pipeline : 0
* Dataflow Pipeline: 0

* FSM state transitions: 
1 --> 2 
2 --> 3 
3 --> 2 

* FSM state operations: 

State 1 <SV = 0> <Delay = 0.87>
ST_1 : Operation 4 [1/1] (0.00ns)   --->   "%acc_1 = alloca i12"   --->   Operation 4 'alloca' 'acc_1' <Predicate = true> <Delay = 0.00>
ST_1 : Operation 5 [1/1] (0.00ns)   --->   "call void (...)* @_ssdm_op_SpecBitsMap([36 x i5]* %A) nounwind, !map !7"   --->   Operation 5 'specbitsmap' <Predicate = true> <Delay = 0.00>
ST_1 : Operation 6 [1/1] (0.00ns)   --->   "call void (...)* @_ssdm_op_SpecBitsMap([6 x i5]* %B) nounwind, !map !13"   --->   Operation 6 'specbitsmap' <Predicate = true> <Delay = 0.00>
ST_1 : Operation 7 [1/1] (0.00ns)   --->   "call void (...)* @_ssdm_op_SpecBitsMap([6 x i6]* %C) nounwind, !map !18"   --->   Operation 7 'specbitsmap' <Predicate = true> <Delay = 0.00>
ST_1 : Operation 8 [1/1] (0.00ns)   --->   "call void (...)* @_ssdm_op_SpecTopModule([4 x i8]* @ex2_str) nounwind"   --->   Operation 8 'spectopmodule' <Predicate = true> <Delay = 0.00>
ST_1 : Operation 9 [1/1] (0.87ns)   --->   "store i12 0, i12* %acc_1" [ex2_flatten.c:8]   --->   Operation 9 'store' <Predicate = true> <Delay = 0.87>
ST_1 : Operation 10 [1/1] (0.87ns)   --->   "br label %1" [ex2_flatten.c:8]   --->   Operation 10 'br' <Predicate = true> <Delay = 0.87>

State 2 <SV = 1> <Delay = 4.52>
ST_2 : Operation 11 [1/1] (0.00ns)   --->   "%indvar_flatten = phi i6 [ 0, %0 ], [ %add_ln8, %._crit_edge ]" [ex2_flatten.c:8]   --->   Operation 11 'phi' 'indvar_flatten' <Predicate = true> <Delay = 0.00>
ST_2 : Operation 12 [1/1] (0.00ns)   --->   "%i_0 = phi i3 [ 0, %0 ], [ %select_ln11_1, %._crit_edge ]" [ex2_flatten.c:11]   --->   Operation 12 'phi' 'i_0' <Predicate = true> <Delay = 0.00>
ST_2 : Operation 13 [1/1] (0.00ns)   --->   "%j_0 = phi i3 [ 0, %0 ], [ %j, %._crit_edge ]"   --->   Operation 13 'phi' 'j_0' <Predicate = true> <Delay = 0.00>
ST_2 : Operation 14 [1/1] (0.90ns)   --->   "%icmp_ln8 = icmp eq i6 %indvar_flatten, -28" [ex2_flatten.c:8]   --->   Operation 14 'icmp' 'icmp_ln8' <Predicate = true> <Delay = 0.90> <Core = "Cmp">   --->   Core 25 'Cmp' <Latency = 0> <II = 1> <Delay = 0.68> <FuncUnit> <Opcode : 'icmp'> <InPorts = 2> <OutPorts = 1>
ST_2 : Operation 15 [1/1] (1.18ns)   --->   "%add_ln8 = add i6 %indvar_flatten, 1" [ex2_flatten.c:8]   --->   Operation 15 'add' 'add_ln8' <Predicate = true> <Delay = 1.18> <Core = "AddSub">   --->   Core 14 'AddSub' <Latency = 0> <II = 1> <Delay = 0.93> <FuncUnit> <Opcode : 'add' 'sub'> <InPorts = 2> <OutPorts = 1>
ST_2 : Operation 16 [1/1] (0.00ns)   --->   "br i1 %icmp_ln8, label %3, label %.reset" [ex2_flatten.c:8]   --->   Operation 16 'br' <Predicate = true> <Delay = 0.00>
ST_2 : Operation 17 [1/1] (0.93ns)   --->   "%i = add i3 1, %i_0" [ex2_flatten.c:8]   --->   Operation 17 'add' 'i' <Predicate = (!icmp_ln8)> <Delay = 0.93> <Core = "AddSub">   --->   Core 14 'AddSub' <Latency = 0> <II = 1> <Delay = 0.93> <FuncUnit> <Opcode : 'add' 'sub'> <InPorts = 2> <OutPorts = 1>
ST_2 : Operation 18 [1/1] (0.68ns)   --->   "%icmp_ln9 = icmp eq i3 %j_0, -2" [ex2_flatten.c:9]   --->   Operation 18 'icmp' 'icmp_ln9' <Predicate = (!icmp_ln8)> <Delay = 0.68> <Core = "Cmp">   --->   Core 25 'Cmp' <Latency = 0> <II = 1> <Delay = 0.68> <FuncUnit> <Opcode : 'icmp'> <InPorts = 2> <OutPorts = 1>
ST_2 : Operation 19 [1/1] (0.51ns)   --->   "%select_ln11 = select i1 %icmp_ln9, i3 0, i3 %j_0" [ex2_flatten.c:11]   --->   Operation 19 'select' 'select_ln11' <Predicate = (!icmp_ln8)> <Delay = 0.51> <Core = "Sel">   --->   Core 26 'Sel' <Latency = 0> <II = 1> <Delay = 0.51> <FuncUnit> <Opcode : 'select'> <InPorts = 3> <OutPorts = 1>
ST_2 : Operation 20 [1/1] (0.51ns)   --->   "%select_ln11_1 = select i1 %icmp_ln9, i3 %i, i3 %i_0" [ex2_flatten.c:11]   --->   Operation 20 'select' 'select_ln11_1' <Predicate = (!icmp_ln8)> <Delay = 0.51> <Core = "Sel">   --->   Core 26 'Sel' <Latency = 0> <II = 1> <Delay = 0.51> <FuncUnit> <Opcode : 'select'> <InPorts = 3> <OutPorts = 1>
ST_2 : Operation 21 [1/1] (0.00ns)   --->   "%tmp = call i6 @_ssdm_op_BitConcatenate.i6.i3.i3(i3 %select_ln11_1, i3 0)" [ex2_flatten.c:11]   --->   Operation 21 'bitconcatenate' 'tmp' <Predicate = (!icmp_ln8)> <Delay = 0.00>
ST_2 : Operation 22 [1/1] (0.00ns)   --->   "%zext_ln11_2 = zext i6 %tmp to i7" [ex2_flatten.c:11]   --->   Operation 22 'zext' 'zext_ln11_2' <Predicate = (!icmp_ln8)> <Delay = 0.00>
ST_2 : Operation 23 [1/1] (0.00ns)   --->   "%tmp_1 = call i4 @_ssdm_op_BitConcatenate.i4.i3.i1(i3 %select_ln11_1, i1 false)" [ex2_flatten.c:11]   --->   Operation 23 'bitconcatenate' 'tmp_1' <Predicate = (!icmp_ln8)> <Delay = 0.00>
ST_2 : Operation 24 [1/1] (0.00ns)   --->   "%zext_ln11_3 = zext i4 %tmp_1 to i7" [ex2_flatten.c:11]   --->   Operation 24 'zext' 'zext_ln11_3' <Predicate = (!icmp_ln8)> <Delay = 0.00>
ST_2 : Operation 25 [1/1] (0.00ns) (grouped into TernaryAdder)   --->   "%sub_ln11 = sub i7 %zext_ln11_2, %zext_ln11_3" [ex2_flatten.c:11]   --->   Operation 25 'sub' 'sub_ln11' <Predicate = (!icmp_ln8)> <Delay = 0.00> <Core = "TAddSub">   --->   Core 83 'TAddSub' <Latency = 0> <II = 1> <Delay = 0.96> <IPBlock> <Opcode : 'add' 'sub'> <InPorts = 3> <OutPorts = 1> <Sync> <CReg>
ST_2 : Operation 26 [1/1] (0.00ns)   --->   "%zext_ln11_1 = zext i3 %select_ln11 to i64" [ex2_flatten.c:11]   --->   Operation 26 'zext' 'zext_ln11_1' <Predicate = (!icmp_ln8)> <Delay = 0.00>
ST_2 : Operation 27 [1/1] (0.00ns)   --->   "%zext_ln11_4 = zext i3 %select_ln11 to i7" [ex2_flatten.c:11]   --->   Operation 27 'zext' 'zext_ln11_4' <Predicate = (!icmp_ln8)> <Delay = 0.00>
ST_2 : Operation 28 [1/1] (1.93ns) (root node of TernaryAdder)   --->   "%add_ln11 = add i7 %zext_ln11_4, %sub_ln11" [ex2_flatten.c:11]   --->   Operation 28 'add' 'add_ln11' <Predicate = (!icmp_ln8)> <Delay = 1.93> <Core = "TAddSub">   --->   Core 83 'TAddSub' <Latency = 0> <II = 1> <Delay = 0.96> <IPBlock> <Opcode : 'add' 'sub'> <InPorts = 3> <OutPorts = 1> <Sync> <CReg>
ST_2 : Operation 29 [1/1] (0.00ns)   --->   "%sext_ln11_3 = sext i7 %add_ln11 to i64" [ex2_flatten.c:11]   --->   Operation 29 'sext' 'sext_ln11_3' <Predicate = (!icmp_ln8)> <Delay = 0.00>
ST_2 : Operation 30 [1/1] (0.00ns)   --->   "%A_addr = getelementptr [36 x i5]* %A, i64 0, i64 %sext_ln11_3" [ex2_flatten.c:11]   --->   Operation 30 'getelementptr' 'A_addr' <Predicate = (!icmp_ln8)> <Delay = 0.00>
ST_2 : Operation 31 [2/2] (1.14ns)   --->   "%A_load = load i5* %A_addr, align 1" [ex2_flatten.c:11]   --->   Operation 31 'load' 'A_load' <Predicate = (!icmp_ln8)> <Delay = 1.14> <Core = "RAM">   --->   Core 37 'RAM' <Latency = 1> <II = 1> <Delay = 1.14> <Storage> <Opcode : 'load' 'store'> <Ports = 2> <Width = 6> <Depth = 6> <RAM>
ST_2 : Operation 32 [1/1] (0.00ns)   --->   "%B_addr = getelementptr [6 x i5]* %B, i64 0, i64 %zext_ln11_1" [ex2_flatten.c:11]   --->   Operation 32 'getelementptr' 'B_addr' <Predicate = (!icmp_ln8)> <Delay = 0.00>
ST_2 : Operation 33 [2/2] (1.14ns)   --->   "%B_load = load i5* %B_addr, align 1" [ex2_flatten.c:11]   --->   Operation 33 'load' 'B_load' <Predicate = (!icmp_ln8)> <Delay = 1.14> <Core = "RAM">   --->   Core 37 'RAM' <Latency = 1> <II = 1> <Delay = 1.14> <Storage> <Opcode : 'load' 'store'> <Ports = 2> <Width = 6> <Depth = 6> <RAM>
ST_2 : Operation 34 [1/1] (0.00ns)   --->   "ret void" [ex2_flatten.c:18]   --->   Operation 34 'ret' <Predicate = (icmp_ln8)> <Delay = 0.00>

State 3 <SV = 2> <Delay = 5.49>
ST_3 : Operation 35 [1/1] (0.00ns)   --->   "%acc_1_load = load i12* %acc_1" [ex2_flatten.c:11]   --->   Operation 35 'load' 'acc_1_load' <Predicate = true> <Delay = 0.00>
ST_3 : Operation 36 [1/1] (0.00ns)   --->   "call void (...)* @_ssdm_op_SpecLoopName([14 x i8]* @LOOP_I_LOOP_J_str)"   --->   Operation 36 'specloopname' <Predicate = true> <Delay = 0.00>
ST_3 : Operation 37 [1/1] (0.00ns)   --->   "%empty = call i32 (...)* @_ssdm_op_SpecLoopTripCount(i64 36, i64 36, i64 36) nounwind"   --->   Operation 37 'speclooptripcount' 'empty' <Predicate = true> <Delay = 0.00>
ST_3 : Operation 38 [1/1] (0.00ns)   --->   "%zext_ln11 = zext i3 %select_ln11_1 to i64" [ex2_flatten.c:11]   --->   Operation 38 'zext' 'zext_ln11' <Predicate = true> <Delay = 0.00>
ST_3 : Operation 39 [1/1] (0.00ns)   --->   "call void (...)* @_ssdm_op_SpecLoopName([7 x i8]* @p_str1) nounwind" [ex2_flatten.c:9]   --->   Operation 39 'specloopname' <Predicate = true> <Delay = 0.00>
ST_3 : Operation 40 [1/2] (1.14ns)   --->   "%A_load = load i5* %A_addr, align 1" [ex2_flatten.c:11]   --->   Operation 40 'load' 'A_load' <Predicate = true> <Delay = 1.14> <Core = "RAM">   --->   Core 37 'RAM' <Latency = 1> <II = 1> <Delay = 1.14> <Storage> <Opcode : 'load' 'store'> <Ports = 2> <Width = 6> <Depth = 6> <RAM>
ST_3 : Operation 41 [1/1] (0.00ns)   --->   "%sext_ln11 = sext i5 %A_load to i10" [ex2_flatten.c:11]   --->   Operation 41 'sext' 'sext_ln11' <Predicate = true> <Delay = 0.00>
ST_3 : Operation 42 [1/2] (1.14ns)   --->   "%B_load = load i5* %B_addr, align 1" [ex2_flatten.c:11]   --->   Operation 42 'load' 'B_load' <Predicate = true> <Delay = 1.14> <Core = "RAM">   --->   Core 37 'RAM' <Latency = 1> <II = 1> <Delay = 1.14> <Storage> <Opcode : 'load' 'store'> <Ports = 2> <Width = 6> <Depth = 6> <RAM>
ST_3 : Operation 43 [1/1] (0.00ns)   --->   "%sext_ln11_1 = sext i5 %B_load to i10" [ex2_flatten.c:11]   --->   Operation 43 'sext' 'sext_ln11_1' <Predicate = true> <Delay = 0.00>
ST_3 : Operation 44 [1/1] (2.01ns)   --->   "%mul_ln11 = mul i10 %sext_ln11, %sext_ln11_1" [ex2_flatten.c:11]   --->   Operation 44 'mul' 'mul_ln11' <Predicate = true> <Delay = 2.01> <Core = "Mul">   --->   Core 16 'Mul' <Latency = 0> <II = 1> <Delay = 2.01> <FuncUnit> <Opcode : 'mul'> <InPorts = 2> <OutPorts = 1>
ST_3 : Operation 45 [1/1] (0.00ns)   --->   "%sext_ln11_2 = sext i10 %mul_ln11 to i12" [ex2_flatten.c:11]   --->   Operation 45 'sext' 'sext_ln11_2' <Predicate = true> <Delay = 0.00>
ST_3 : Operation 46 [1/1] (0.00ns)   --->   "%trunc_ln11 = trunc i12 %acc_1_load to i6" [ex2_flatten.c:11]   --->   Operation 46 'trunc' 'trunc_ln11' <Predicate = true> <Delay = 0.00>
ST_3 : Operation 47 [1/1] (0.00ns)   --->   "%trunc_ln11_1 = trunc i10 %mul_ln11 to i6" [ex2_flatten.c:11]   --->   Operation 47 'trunc' 'trunc_ln11_1' <Predicate = true> <Delay = 0.00>
ST_3 : Operation 48 [1/1] (1.35ns)   --->   "%acc = add i12 %acc_1_load, %sext_ln11_2" [ex2_flatten.c:11]   --->   Operation 48 'add' 'acc' <Predicate = true> <Delay = 1.35> <Core = "AddSub">   --->   Core 14 'AddSub' <Latency = 0> <II = 1> <Delay = 0.93> <FuncUnit> <Opcode : 'add' 'sub'> <InPorts = 2> <OutPorts = 1>
ST_3 : Operation 49 [1/1] (0.68ns)   --->   "%icmp_ln12 = icmp eq i3 %select_ln11, -3" [ex2_flatten.c:12]   --->   Operation 49 'icmp' 'icmp_ln12' <Predicate = true> <Delay = 0.68> <Core = "Cmp">   --->   Core 25 'Cmp' <Latency = 0> <II = 1> <Delay = 0.68> <FuncUnit> <Opcode : 'icmp'> <InPorts = 2> <OutPorts = 1>
ST_3 : Operation 50 [1/1] (0.00ns)   --->   "br i1 %icmp_ln12, label %2, label %.reset.._crit_edge_crit_edge" [ex2_flatten.c:12]   --->   Operation 50 'br' <Predicate = true> <Delay = 0.00>
ST_3 : Operation 51 [1/1] (0.87ns)   --->   "store i12 %acc, i12* %acc_1" [ex2_flatten.c:12]   --->   Operation 51 'store' <Predicate = (!icmp_ln12)> <Delay = 0.87>
ST_3 : Operation 52 [1/1] (0.00ns)   --->   "br label %._crit_edge" [ex2_flatten.c:12]   --->   Operation 52 'br' <Predicate = (!icmp_ln12)> <Delay = 0.00>
ST_3 : Operation 53 [1/1] (1.18ns)   --->   "%add_ln13 = add i6 %trunc_ln11_1, %trunc_ln11" [ex2_flatten.c:13]   --->   Operation 53 'add' 'add_ln13' <Predicate = (icmp_ln12)> <Delay = 1.18> <Core = "AddSub">   --->   Core 14 'AddSub' <Latency = 0> <II = 1> <Delay = 0.93> <FuncUnit> <Opcode : 'add' 'sub'> <InPorts = 2> <OutPorts = 1>
ST_3 : Operation 54 [1/1] (0.00ns)   --->   "%C_addr = getelementptr [6 x i6]* %C, i64 0, i64 %zext_ln11" [ex2_flatten.c:13]   --->   Operation 54 'getelementptr' 'C_addr' <Predicate = (icmp_ln12)> <Delay = 0.00>
ST_3 : Operation 55 [1/1] (1.14ns)   --->   "store i6 %add_ln13, i6* %C_addr, align 1" [ex2_flatten.c:13]   --->   Operation 55 'store' <Predicate = (icmp_ln12)> <Delay = 1.14> <Core = "RAM">   --->   Core 37 'RAM' <Latency = 1> <II = 1> <Delay = 1.14> <Storage> <Opcode : 'load' 'store'> <Ports = 2> <Width = 6> <Depth = 6> <RAM>
ST_3 : Operation 56 [1/1] (0.87ns)   --->   "store i12 0, i12* %acc_1" [ex2_flatten.c:15]   --->   Operation 56 'store' <Predicate = (icmp_ln12)> <Delay = 0.87>
ST_3 : Operation 57 [1/1] (0.00ns)   --->   "br label %._crit_edge" [ex2_flatten.c:15]   --->   Operation 57 'br' <Predicate = (icmp_ln12)> <Delay = 0.00>
ST_3 : Operation 58 [1/1] (0.93ns)   --->   "%j = add i3 %select_ln11, 1" [ex2_flatten.c:9]   --->   Operation 58 'add' 'j' <Predicate = true> <Delay = 0.93> <Core = "AddSub">   --->   Core 14 'AddSub' <Latency = 0> <II = 1> <Delay = 0.93> <FuncUnit> <Opcode : 'add' 'sub'> <InPorts = 2> <OutPorts = 1>
ST_3 : Operation 59 [1/1] (0.00ns)   --->   "br label %1"   --->   Operation 59 'br' <Predicate = true> <Delay = 0.00>


============================================================
+ Verbose Summary: Timing violations
============================================================
Target clock period: 10ns, clock uncertainty: 1.25ns.

 <State 1>: 0.872ns
The critical path consists of the following:
	'alloca' operation ('acc') [4]  (0 ns)
	'store' operation ('store_ln8', ex2_flatten.c:8) of constant 0 on local variable 'acc' [9]  (0.872 ns)

 <State 2>: 4.53ns
The critical path consists of the following:
	'phi' operation ('i_0', ex2_flatten.c:11) with incoming values : ('select_ln11_1', ex2_flatten.c:11) [13]  (0 ns)
	'add' operation ('i', ex2_flatten.c:8) [20]  (0.934 ns)
	'select' operation ('select_ln11_1', ex2_flatten.c:11) [25]  (0.51 ns)
	'sub' operation ('sub_ln11', ex2_flatten.c:11) [31]  (0 ns)
	'add' operation ('add_ln11', ex2_flatten.c:11) [35]  (1.93 ns)
	'getelementptr' operation ('A_addr', ex2_flatten.c:11) [37]  (0 ns)
	'load' operation ('A_load', ex2_flatten.c:11) on array 'A' [38]  (1.15 ns)

 <State 3>: 5.49ns
The critical path consists of the following:
	'load' operation ('A_load', ex2_flatten.c:11) on array 'A' [38]  (1.15 ns)
	'mul' operation ('mul_ln11', ex2_flatten.c:11) [43]  (2.01 ns)
	'add' operation ('add_ln13', ex2_flatten.c:13) [54]  (1.19 ns)
	'store' operation ('store_ln13', ex2_flatten.c:13) of variable 'add_ln13', ex2_flatten.c:13 on array 'C' [56]  (1.15 ns)


============================================================
+ Verbose Summary: Binding
============================================================
N/A
* FSMD analyzer results:
  - Output states:
 - Input state : 
  - Chain level:
	State 1
	State 2
	State 3


============================================================
+ Verbose Summary: Datapath Resource usage 
============================================================
N/A
