

================================================================
== Vivado HLS Report for 'ex3'
================================================================
* Date:           Fri May 12 17:48:20 2023

* Version:        2020.1 (Build 2897737 on Wed May 27 20:21:37 MDT 2020)
* Project:        Exercise3_int
* Solution:       solution1
* Product family: kintex7
* Target device:  xc7k160t-fbg484-2


================================================================
== Performance Estimates
================================================================
+ Timing: 
    * Summary: 
    +--------+----------+----------+------------+
    |  Clock |  Target  | Estimated| Uncertainty|
    +--------+----------+----------+------------+
    |ap_clk  | 10.00 ns | 7.749 ns |   1.25 ns  |
    +--------+----------+----------+------------+

+ Latency: 
    * Summary: 
    +---------+---------+----------+----------+-----+-----+---------+
    |  Latency (cycles) |  Latency (absolute) |  Interval | Pipeline|
    |   min   |   max   |    min   |    max   | min | max |   Type  |
    +---------+---------+----------+----------+-----+-----+---------+
    |       36|       36| 0.360 us | 0.360 us |   36|   36|   none  |
    +---------+---------+----------+----------+-----+-----+---------+

    + Detail: 
        * Instance: 
        N/A

        * Loop: 
        N/A



================================================================
== Utilization Estimates
================================================================
* Summary: 
+-----------------+---------+-------+--------+--------+-----+
|       Name      | BRAM_18K| DSP48E|   FF   |   LUT  | URAM|
+-----------------+---------+-------+--------+--------+-----+
|DSP              |        -|      -|       -|       -|    -|
|Expression       |        -|      3|       0|      85|    -|
|FIFO             |        -|      -|       -|       -|    -|
|Instance         |        -|      -|     394|     238|    -|
|Memory           |        -|      -|       -|       -|    -|
|Multiplexer      |        -|      -|       -|     169|    -|
|Register         |        -|      -|      69|       -|    -|
+-----------------+---------+-------+--------+--------+-----+
|Total            |        0|      3|     463|     492|    0|
+-----------------+---------+-------+--------+--------+-----+
|Available        |      650|    600|  202800|  101400|    0|
+-----------------+---------+-------+--------+--------+-----+
|Utilization (%)  |        0|   ~0  |   ~0   |   ~0   |    0|
+-----------------+---------+-------+--------+--------+-----+

+ Detail: 
    * Instance: 
    +-------------------------+----------------------+---------+-------+-----+-----+-----+
    |         Instance        |        Module        | BRAM_18K| DSP48E|  FF | LUT | URAM|
    +-------------------------+----------------------+---------+-------+-----+-----+-----+
    |ex3_sdiv_32s_32nsbkb_U1  |ex3_sdiv_32s_32nsbkb  |        0|      0|  394|  238|    0|
    +-------------------------+----------------------+---------+-------+-----+-----+-----+
    |Total                    |                      |        0|      0|  394|  238|    0|
    +-------------------------+----------------------+---------+-------+-----+-----+-----+

    * DSP48E: 
    N/A

    * Memory: 
    N/A

    * FIFO: 
    N/A

    * Expression: 
    +--------------+----------+-------+---+----+------------+------------+
    | Variable Name| Operation| DSP48E| FF| LUT| Bitwidth P0| Bitwidth P1|
    +--------------+----------+-------+---+----+------------+------------+
    |y_fu_41_p2    |     *    |      3|  0|  21|          32|          32|
    |c             |     +    |      0|  0|  32|          32|          32|
    |z_fu_45_p2    |     -    |      0|  0|  32|          32|          32|
    +--------------+----------+-------+---+----+------------+------------+
    |Total         |          |      3|  0|  85|          96|          96|
    +--------------+----------+-------+---+----+------------+------------+

    * Multiplexer: 
    +-----------+-----+-----------+-----+-----------+
    |    Name   | LUT | Input Size| Bits| Total Bits|
    +-----------+-----+-----------+-----+-----------+
    |ap_NS_fsm  |  169|         38|    1|         38|
    +-----------+-----+-----------+-----+-----------+
    |Total      |  169|         38|    1|         38|
    +-----------+-----+-----------+-----+-----------+

    * Register: 
    +-----------+----+----+-----+-----------+
    |    Name   | FF | LUT| Bits| Const Bits|
    +-----------+----+----+-----+-----------+
    |ap_CS_fsm  |  37|   0|   37|          0|
    |x_reg_69   |  32|   0|   32|          0|
    +-----------+----+----+-----+-----------+
    |Total      |  69|   0|   69|          0|
    +-----------+----+----+-----+-----------+



================================================================
== Interface
================================================================
* Summary: 
+----------+-----+-----+------------+--------------+--------------+
| RTL Ports| Dir | Bits|  Protocol  | Source Object|    C Type    |
+----------+-----+-----+------------+--------------+--------------+
|ap_clk    |  in |    1| ap_ctrl_hs |      ex3     | return value |
|ap_rst    |  in |    1| ap_ctrl_hs |      ex3     | return value |
|ap_start  |  in |    1| ap_ctrl_hs |      ex3     | return value |
|ap_done   | out |    1| ap_ctrl_hs |      ex3     | return value |
|ap_idle   | out |    1| ap_ctrl_hs |      ex3     | return value |
|ap_ready  | out |    1| ap_ctrl_hs |      ex3     | return value |
|a         |  in |   32|   ap_none  |       a      |    scalar    |
|b         |  in |   32|   ap_none  |       b      |    scalar    |
|c         | out |   32|   ap_vld   |       c      |    pointer   |
|c_ap_vld  | out |    1|   ap_vld   |       c      |    pointer   |
+----------+-----+-----+------------+--------------+--------------+

