

================================================================
== Vivado HLS Report for 'lec8Ex1'
================================================================
* Date:           Tue May  9 14:20:25 2023

* Version:        2020.1 (Build 2897737 on Wed May 27 20:21:37 MDT 2020)
* Project:        hw4_unroll
* Solution:       solution1
* Product family: kintex7
* Target device:  xc7k160t-fbg484-2


================================================================
== Performance Estimates
================================================================
+ Timing: 
    * Summary: 
    +--------+----------+----------+------------+
    |  Clock |  Target  | Estimated| Uncertainty|
    +--------+----------+----------+------------+
    |ap_clk  | 10.00 ns | 7.756 ns |   1.25 ns  |
    +--------+----------+----------+------------+

+ Latency: 
    * Summary: 
    +---------+---------+----------+----------+-----+-----+---------+
    |  Latency (cycles) |  Latency (absolute) |  Interval | Pipeline|
    |   min   |   max   |    min   |    max   | min | max |   Type  |
    +---------+---------+----------+----------+-----+-----+---------+
    |       31|       31| 0.310 us | 0.310 us |   31|   31|   none  |
    +---------+---------+----------+----------+-----+-----+---------+

    + Detail: 
        * Instance: 
        N/A

        * Loop: 
        N/A



================================================================
== Utilization Estimates
================================================================
* Summary: 
+-----------------+---------+-------+--------+--------+-----+
|       Name      | BRAM_18K| DSP48E|   FF   |   LUT  | URAM|
+-----------------+---------+-------+--------+--------+-----+
|DSP              |        -|      -|       -|       -|    -|
|Expression       |        -|      7|       0|     204|    -|
|FIFO             |        -|      -|       -|       -|    -|
|Instance         |        -|      -|       -|       -|    -|
|Memory           |        -|      -|       -|       -|    -|
|Multiplexer      |        -|      -|       -|     765|    -|
|Register         |        -|      -|     192|       -|    -|
+-----------------+---------+-------+--------+--------+-----+
|Total            |        0|      7|     192|     969|    0|
+-----------------+---------+-------+--------+--------+-----+
|Available        |      650|    600|  202800|  101400|    0|
+-----------------+---------+-------+--------+--------+-----+
|Utilization (%)  |        0|      1|   ~0   |   ~0   |    0|
+-----------------+---------+-------+--------+--------+-----+

+ Detail: 
    * Instance: 
    N/A

    * DSP48E: 
    N/A

    * Memory: 
    N/A

    * FIFO: 
    N/A

    * Expression: 
    +-----------------------+----------+-------+---+----+------------+------------+
    |     Variable Name     | Operation| DSP48E| FF| LUT| Bitwidth P0| Bitwidth P1|
    +-----------------------+----------+-------+---+----+------------+------------+
    |grp_fu_1258_p2         |     *    |      2|  0|  21|          32|          16|
    |grp_fu_1263_p2         |     *    |      2|  0|  21|          32|          16|
    |mul_ln31_fu_1294_p2    |     *    |      3|  0|  21|          32|          32|
    |add_ln21_1_fu_1314_p2  |     +    |      0|  0|  39|          32|          32|
    |add_ln21_fu_1304_p2    |     +    |      0|  0|  24|          17|           6|
    |out_r_d0               |     +    |      0|  0|  39|          32|          32|
    |out_r_d1               |     +    |      0|  0|  39|          32|          32|
    +-----------------------+----------+-------+---+----+------------+------------+
    |Total                  |          |      7|  0| 204|         209|         166|
    +-----------------------+----------+-------+---+----+------------+------------+

    * Multiplexer: 
    +----------------+-----+-----------+-----+-----------+
    |      Name      | LUT | Input Size| Bits| Total Bits|
    +----------------+-----+-----------+-----+-----------+
    |ap_NS_fsm       |  149|         33|    1|         33|
    |grp_fu_1258_p1  |   13|          3|   16|         48|
    |grp_fu_1263_p1  |   13|          3|   16|         48|
    |grp_fu_1276_p0  |   13|          3|   32|         96|
    |grp_fu_1282_p0  |   13|          3|   32|         96|
    |in_r_address0   |  141|         31|    6|        186|
    |in_r_address1   |  141|         31|    6|        186|
    |out_r_address0  |  141|         31|    6|        186|
    |out_r_address1  |  141|         31|    6|        186|
    +----------------+-----+-----------+-----+-----------+
    |Total           |  765|        169|  121|       1065|
    +----------------+-----+-----------+-----+-----------+

    * Register: 
    +---------------------+----+----+-----+-----------+
    |         Name        | FF | LUT| Bits| Const Bits|
    +---------------------+----+----+-----+-----------+
    |add_ln21_1_reg_1352  |  32|   0|   32|          0|
    |ap_CS_fsm            |  32|   0|   32|          0|
    |mul_ln31_reg_1337    |  32|   0|   32|          0|
    |reg_1268             |  32|   0|   32|          0|
    |reg_1272             |  32|   0|   32|          0|
    |sext_ln21_reg_1331   |  32|   0|   32|          0|
    +---------------------+----+----+-----+-----------+
    |Total                | 192|   0|  192|          0|
    +---------------------+----+----+-----+-----------+



================================================================
== Interface
================================================================
* Summary: 
+----------------+-----+-----+------------+--------------+--------------+
|    RTL Ports   | Dir | Bits|  Protocol  | Source Object|    C Type    |
+----------------+-----+-----+------------+--------------+--------------+
|ap_clk          |  in |    1| ap_ctrl_hs |    lec8Ex1   | return value |
|ap_rst          |  in |    1| ap_ctrl_hs |    lec8Ex1   | return value |
|ap_start        |  in |    1| ap_ctrl_hs |    lec8Ex1   | return value |
|ap_done         | out |    1| ap_ctrl_hs |    lec8Ex1   | return value |
|ap_idle         | out |    1| ap_ctrl_hs |    lec8Ex1   | return value |
|ap_ready        | out |    1| ap_ctrl_hs |    lec8Ex1   | return value |
|in_r_address0   | out |    6|  ap_memory |     in_r     |     array    |
|in_r_ce0        | out |    1|  ap_memory |     in_r     |     array    |
|in_r_q0         |  in |   32|  ap_memory |     in_r     |     array    |
|in_r_address1   | out |    6|  ap_memory |     in_r     |     array    |
|in_r_ce1        | out |    1|  ap_memory |     in_r     |     array    |
|in_r_q1         |  in |   32|  ap_memory |     in_r     |     array    |
|a               |  in |   16|   ap_none  |       a      |    scalar    |
|b               |  in |   16|   ap_none  |       b      |    scalar    |
|c               |  in |   32|   ap_none  |       c      |    scalar    |
|out_r_address0  | out |    6|  ap_memory |     out_r    |     array    |
|out_r_ce0       | out |    1|  ap_memory |     out_r    |     array    |
|out_r_we0       | out |    1|  ap_memory |     out_r    |     array    |
|out_r_d0        | out |   32|  ap_memory |     out_r    |     array    |
|out_r_address1  | out |    6|  ap_memory |     out_r    |     array    |
|out_r_ce1       | out |    1|  ap_memory |     out_r    |     array    |
|out_r_we1       | out |    1|  ap_memory |     out_r    |     array    |
|out_r_d1        | out |   32|  ap_memory |     out_r    |     array    |
+----------------+-----+-----+------------+--------------+--------------+

